// Jest Snapshot v1, https://goo.gl/fbAQLP

exports[`Header renders correctly 1`] = `
<section
  className="sc-bdnylx gvvzqL"
>
  <div
    className="sc-eCApGN kQDsLp gatsby-image-wrapper"
    style={
      Object {
        "maxHeight": null,
        "maxWidth": null,
        "overflow": "hidden",
        "position": "absolute",
      }
    }
  >
    <div
      aria-hidden={true}
      style={
        Object {
          "paddingBottom": "NaN%",
          "width": "100%",
        }
      }
    />
    <picture>
      <source />
      <img
        alt=""
        loading="lazy"
        onLoad={[Function]}
        style={
          Object {
            "height": "100%",
            "left": 0,
            "objectFit": "cover",
            "objectPosition": "center",
            "opacity": 0,
            "position": "absolute",
            "top": 0,
            "transition": "opacity 500ms",
            "width": "100%",
          }
        }
      />
    </picture>
    <noscript
      dangerouslySetInnerHTML={
        Object {
          "__html": "<picture><source srcset=\\"undefined\\" /><img loading=\\"lazy\\" src=\\"\\" alt=\\"\\" style=\\"position:absolute;top:0;left:0;opacity:1;width:100%;height:100%;object-fit:cover;object-position:center\\"/></picture>",
        }
      }
    />
  </div>
  <h1
    className="sc-dlnjPT hEYZBr"
  >
    mock-title
  </h1>
  <h1
    className="sc-gtssRu bNfRCd"
  />
</section>
`;
