// Jest Snapshot v1, https://goo.gl/fbAQLP

exports[`Language Switch renders correctly 1`] = `<section />`;
